 M  src/maasserver/forms.py
 M  src/maasserver/models/tests/test_node.py
?   src/maasserver/static/js/angular/controllers/add_interface.js
?   src/maasserver/tests/test_bzr.py
 M  src/maasserver/tests/test_forms_nodewithmacaddresses.py
