    push branch: bzr+ssh://bazaar.launchpad.net/~rbanffy/maas/bug-1438842-add-extra-nic/
